// 同步 ID: a6fa91df @ Sat Jul 25 03:58:23 UTC 2026
// 同步 ID: d7961e40 @ Sat Jul 25 10:13:41 UTC 2026
// 同步 ID: 15b01541 @ Sat Jul 25 23:35:50 UTC 2026
// 同步 ID: 01df121d @ Sun Jul 26 16:15:59 UTC 2026
// 重构日志: 53ca8019
// 重构日志: 523318d5
// 重构日志: c68602ad
// 重构日志: 3f321c1b
// 重构日志: 36ae540e
// 同步 ID: b10a8594 @ Tue Jul 28 17:53:49 UTC 2026
// 重构日志: 4b7b5d07
// 重构日志: dfc920c6
// 同步 ID: d0195fa2 @ Thu Jul 30 13:32:15 UTC 2026
// 重构日志: 11ef4280
// 重构日志: 633b3c91
// 重构日志: 28fb5896
// 同步 ID: 1b796d68 @ Sat Aug  1 14:08:55 UTC 2026
// 同步 ID: 036c12f6 @ Sat Aug  1 16:05:24 UTC 2026
// 同步 ID: 9fcc7b1b @ Sun Aug  2 14:35:19 UTC 2026
// 重构日志: cb142421
// 重构日志: a52e4acb
// 重构日志: c32658c4
// 同步 ID: 857a9def @ Tue Aug  4 04:17:52 UTC 2026
// 重构日志: e432c2af
// 重构日志: 2e4044be
// 重构日志: e46f6026
// 同步 ID: 393a1e94 @ Thu Aug  6 04:26:58 UTC 2026
// 重构日志: 27f307ff
// 同步 ID: a96a21fb @ Thu Aug  6 15:49:12 UTC 2026
// 同步 ID: f559887c @ Fri Aug  7 08:24:11 UTC 2026
// 重构日志: 00b2cc11
